.next/types/app/api/licitacoes/[id]/route.ts(49,7): error TS2344: Type '{ __tag__: "GET"; __param_position__: "second"; __param_type__: { params: { id: string; }; }; }' does not satisfy the constraint 'ParamCheck<RouteContext>'.
  The types of '__param_type__.params' are incompatible between these types.
    Type '{ id: string; }' is missing the following properties from type 'Promise<any>': then, catch, finally, [Symbol.toStringTag]
.next/types/app/api/licitacoes/[id]/route.ts(205,7): error TS2344: Type '{ __tag__: "PUT"; __param_position__: "second"; __param_type__: { params: { id: string; }; }; }' does not satisfy the constraint 'ParamCheck<RouteContext>'.
  The types of '__param_type__.params' are incompatible between these types.
    Type '{ id: string; }' is missing the following properties from type 'Promise<any>': then, catch, finally, [Symbol.toStringTag]
.next/types/app/api/licitacoes/[id]/route.ts(244,7): error TS2344: Type '{ __tag__: "DELETE"; __param_position__: "second"; __param_type__: { params: { id: string; }; }; }' does not satisfy the constraint 'ParamCheck<RouteContext>'.
  The types of '__param_type__.params' are incompatible between these types.
    Type '{ id: string; }' is missing the following properties from type 'Promise<any>': then, catch, finally, [Symbol.toStringTag]
.next/types/app/api/licitacoes/[id]/route.ts(283,7): error TS2344: Type '{ __tag__: "PATCH"; __param_position__: "second"; __param_type__: { params: { id: string; }; }; }' does not satisfy the constraint 'ParamCheck<RouteContext>'.
  The types of '__param_type__.params' are incompatible between these types.
    Type '{ id: string; }' is missing the following properties from type 'Promise<any>': then, catch, finally, [Symbol.toStringTag]
app/api/auth/refresh/route.ts(22,40): error TS2339: Property 'userId' does not exist on type 'string'.
app/api/auth/refresh/route.ts(29,40): error TS2339: Property 'userId' does not exist on type 'string'.
app/api/comercial/clientes/[id]/route.ts(18,5): error TS2353: Object literal may only specify known properties, and 'cidade' does not exist in type 'Cliente'.
app/api/comercial/clientes/[id]/route.ts(120,14): error TS2339: Property 'cidade' does not exist on type 'Partial<Cliente>'.
app/api/comercial/clientes/[id]/route.ts(120,83): error TS2339: Property 'cidade' does not exist on type 'Partial<Cliente>'.
app/api/comercial/clientes/[id]/route.ts(121,14): error TS2339: Property 'estado' does not exist on type 'Partial<Cliente>'.
app/api/comercial/clientes/[id]/route.ts(121,83): error TS2339: Property 'estado' does not exist on type 'Partial<Cliente>'.
app/api/comercial/clientes/[id]/route.ts(123,14): error TS2339: Property 'descricao' does not exist on type 'Partial<Cliente>'.
app/api/comercial/clientes/[id]/route.ts(123,89): error TS2339: Property 'descricao' does not exist on type 'Partial<Cliente>'.
app/api/comercial/clientes/[id]/route.ts(124,14): error TS2339: Property 'observacoes' does not exist on type 'Partial<Cliente>'.
app/api/comercial/clientes/[id]/route.ts(124,93): error TS2339: Property 'observacoes' does not exist on type 'Partial<Cliente>'.
app/api/comercial/clientes/[id]/route.ts(125,14): error TS2339: Property 'faturamento' does not exist on type 'Partial<Cliente>'.
app/api/comercial/clientes/[id]/route.ts(125,93): error TS2339: Property 'faturamento' does not exist on type 'Partial<Cliente>'.
app/api/comercial/clientes/[id]/route.ts(126,14): error TS2339: Property 'responsavelInterno' does not exist on type 'Partial<Cliente>'.
app/api/comercial/clientes/[id]/route.ts(126,108): error TS2339: Property 'responsavelInterno' does not exist on type 'Partial<Cliente>'.
app/api/comercial/clientes/route.ts(116,20): error TS2339: Property 'cidade' does not exist on type 'Partial<Cliente>'.
app/api/comercial/clientes/route.ts(117,20): error TS2339: Property 'estado' does not exist on type 'Partial<Cliente>'.
app/api/comercial/clientes/route.ts(120,23): error TS2339: Property 'descricao' does not exist on type 'Partial<Cliente>'.
app/api/comercial/clientes/route.ts(121,25): error TS2339: Property 'observacoes' does not exist on type 'Partial<Cliente>'.
app/api/comercial/clientes/route.ts(122,25): error TS2339: Property 'faturamento' does not exist on type 'Partial<Cliente>'.
app/api/comercial/clientes/route.ts(123,33): error TS2339: Property 'responsavelInterno' does not exist on type 'Partial<Cliente>'.
app/api/comercial/clientes/route.ts(156,7): error TS2353: Object literal may only specify known properties, and 'cidade' does not exist in type 'Cliente'.
app/api/comercial/estatisticas/route.ts(63,7): error TS2322: Type 'number' is not assignable to type 'string'.
app/api/comercial/reunioes/route.ts(186,41): error TS2802: Type 'Set<string>' can only be iterated through when using the '--downlevelIteration' flag or with a '--target' of 'es2015' or higher.
app/api/documentos/doc/upload/route.ts(58,54): error TS2345: Argument of type 'CloudinaryUploadStreamOptions' is not assignable to parameter of type 'UploadApiOptions'.
  Types of property 'resource_type' are incompatible.
    Type 'string' is not assignable to type '"auto" | "image" | "video" | "raw" | undefined'.
app/api/licitacoes/[id]/route.ts(49,5): error TS2322: Type 'string | undefined' is not assignable to type 'string'.
  Type 'undefined' is not assignable to type 'string'.
app/api/licitacoes/[id]/route.ts(53,5): error TS2322: Type 'string' is not assignable to type 'number'.
app/api/licitacoes/[id]/route.ts(88,7): error TS2353: Object literal may only specify known properties, and 'tags' does not exist in type 'Documento'.
app/api/licitacoes/documentos/route.ts(28,5): error TS2353: Object literal may only specify known properties, and 'tags' does not exist in type 'Documento'.
app/api/licitacoes/documentos/upload/route.ts(92,27): error TS2339: Property 'descricao' does not exist on type '{ licitacaoId: string; nome: string; tipo: string; uploadPor: string; formato: string | undefined; tamanho: number; nomeOriginal: string; tags: string[]; }'.
app/api/licitacoes/documentos/upload/route.ts(149,27): error TS2339: Property 'descricao' does not exist on type '{ licitacaoId: string; nome: string; tipo: string; uploadPor: string; formato: string | undefined; tamanho: number; nomeOriginal: string; tags: string[]; }'.
app/api/licitacoes/orgaos/route.ts(2,17): error TS2305: Module '"@/types/licitacoes"' has no exported member 'OrgaoContato'.
app/api/licitacoes/route.ts(60,5): error TS2322: Type 'string | undefined' is not assignable to type 'string'.
  Type 'undefined' is not assignable to type 'string'.
app/api/licitacoes/route.ts(64,5): error TS2322: Type 'string' is not assignable to type 'number'.
app/api/licitacoes/route.ts(99,7): error TS2353: Object literal may only specify known properties, and 'tags' does not exist in type 'Documento'.
app/api/licitacoes/route.ts(309,7): error TS7034: Variable 'connection' implicitly has type 'any' in some locations where its type cannot be determined.
app/api/licitacoes/route.ts(386,16): error TS7005: Variable 'connection' implicitly has an 'any' type.
app/api/licitacoes/seed-data/route.ts(58,15): error TS2339: Property 'tipo' does not exist on type '{ nome: string; cnpj: string; cidade: string; estado: string; }'.
app/api/licitacoes/seed-data/route.ts(58,35): error TS2339: Property 'endereco' does not exist on type '{ nome: string; cnpj: string; cidade: string; estado: string; }'.
app/api/licitacoes/seed-data/route.ts(58,59): error TS2339: Property 'email' does not exist on type '{ nome: string; cnpj: string; cidade: string; estado: string; }'.
app/api/licitacoes/seed-data/route.ts(58,80): error TS2339: Property 'telefone' does not exist on type '{ nome: string; cnpj: string; cidade: string; estado: string; }'.
app/api/licitacoes/seed-data/route.ts(58,104): error TS2339: Property 'website' does not exist on type '{ nome: string; cnpj: string; cidade: string; estado: string; }'.
app/api/licitacoes/seed-data/route.ts(59,15): error TS2339: Property 'segmento' does not exist on type '{ nome: string; cnpj: string; cidade: string; estado: string; }'.
app/api/licitacoes/seed-data/route.ts(59,39): error TS2339: Property 'origem_lead' does not exist on type '{ nome: string; cnpj: string; cidade: string; estado: string; }'.
app/api/licitacoes/seed-data/route.ts(59,66): error TS2339: Property 'responsavel_interno' does not exist on type '{ nome: string; cnpj: string; cidade: string; estado: string; }'.
app/api/licitacoes/seed-data/route.ts(60,15): error TS2339: Property 'descricao' does not exist on type '{ nome: string; cnpj: string; cidade: string; estado: string; }'.
app/api/licitacoes/seed-data/route.ts(60,40): error TS2339: Property 'observacoes' does not exist on type '{ nome: string; cnpj: string; cidade: string; estado: string; }'.
app/api/licitacoes/seed-data/route.ts(60,67): error TS2339: Property 'faturamento' does not exist on type '{ nome: string; cnpj: string; cidade: string; estado: string; }'.
app/api/licitacoes/seed-data/route.ts(104,105): error TS2339: Property 'data_publicacao' does not exist on type '{ titulo: string; orgaoNome: string; status: string; data_abertura: string; valor_estimado: number; modalidade: string; objeto: string; numero_edital: string; }'.
app/api/test/route.ts(2,26): error TS2307: Cannot find module '@/lib/supabase/client' or its corresponding type declarations.
app/auth/login/page.tsx(20,18): error TS2339: Property 'loginWithMicrosoft' does not exist on type 'AuthContextType'.
app/comercial/page.tsx(392,95): error TS2339: Property 'valorNegociado' does not exist on type 'Oportunidade'.
app/comercial/page.tsx(407,5): error TS2322: Type '{ oportunidades: Oportunidade[]; onOportunidadeClick: (oportunidadeId: string) => Promise<void>; onEditOportunidade: (oportunidade: Oportunidade) => void; onDeleteOportunidade: (oportunidadeId: string) => void; onUpdateStatus: (id: string, newStatus: string) => void; isLoading: boolean; }' is not assignable to type 'IntrinsicAttributes & KanbanBoardProps'.
  Property 'onOportunidadeClick' does not exist on type 'IntrinsicAttributes & KanbanBoardProps'.
app/comercial/page.tsx(415,48): error TS2322: Type '{ clientes: Cliente[]; error: string | null; onClienteClick: (clienteId: string) => Promise<void>; onEditCliente: Dispatch<SetStateAction<Cliente | null>>; onDeleteCliente: (clienteId: string) => void; }' is not assignable to type 'IntrinsicAttributes & ListaClientesProps'.
  Property 'error' does not exist on type 'IntrinsicAttributes & ListaClientesProps'.
app/comercial/page.tsx(449,92): error TS2339: Property 'contatoTelefone' does not exist on type 'Responsavel'.
app/comercial/page.tsx(489,25): error TS2322: Type '{ open: boolean; setOpen: Dispatch<SetStateAction<boolean>>; onOportunidadeAdded: (oportunidadeData: any) => Promise<void>; }' is not assignable to type 'IntrinsicAttributes & NovaOportunidadeProps'.
  Property 'open' does not exist on type 'IntrinsicAttributes & NovaOportunidadeProps'.
app/documentos/page.tsx(232,13): error TS2551: Property 'data_criacao' does not exist on type 'DocumentType'. Did you mean 'dataCriacao'?
app/documentos/page.tsx(234,45): error TS2551: Property 'data_criacao' does not exist on type 'DocumentType'. Did you mean 'dataCriacao'?
app/documentos/page.tsx(237,29): error TS2551: Property 'data_criacao' does not exist on type 'DocumentType'. Did you mean 'dataCriacao'?
app/documentos/page.tsx(245,29): error TS2339: Property 'categoria' does not exist on type 'DocumentType'.
app/documentos/page.tsx(245,45): error TS2339: Property 'categoria' does not exist on type 'DocumentType'.
app/documentos/page.tsx(252,22): error TS2339: Property 'categoria' does not exist on type 'DocumentType'.
app/documentos/page.tsx(261,44): error TS2551: Property 'arquivo_path' does not exist on type 'DocumentType'. Did you mean 'arquivoPath'?
app/licitacoes/page.tsx(8,29): error TS2305: Module '"@/components/licitacoes/detalhes-licitacao"' has no exported member 'Licitacao'.
app/licitacoes/page.tsx(13,15): error TS2459: Module '"@/components/licitacoes/detalhes-orgao"' declares 'Orgao' locally, but it is not exported.
app/licitacoes/page.tsx(342,175): error TS2345: Argument of type 'string | undefined' is not assignable to parameter of type 'string'.
  Type 'undefined' is not assignable to type 'string'.
app/licitacoes/page.tsx(384,11): error TS2322: Type '(nome: any, id: any) => void' is not assignable to type '(orgaoNome: string) => void'.
  Target signature provides too few arguments. Expected 2 or more, but got 1.
app/licitacoes/page.tsx(384,26): error TS7006: Parameter 'nome' implicitly has an 'any' type.
app/licitacoes/page.tsx(384,32): error TS7006: Parameter 'id' implicitly has an 'any' type.
app/licitacoes/page.tsx(418,18): error TS7053: Element implicitly has an 'any' type because expression of type 'string' can't be used to index type 'StatusLabels'.
  No index signature with a parameter of type 'string' was found on type 'StatusLabels'.
app/licitacoes/page.tsx(419,16): error TS7053: Element implicitly has an 'any' type because expression of type 'string' can't be used to index type 'StatusLabels'.
  No index signature with a parameter of type 'string' was found on type 'StatusLabels'.
app/licitacoes/page.tsx(419,52): error TS7053: Element implicitly has an 'any' type because expression of type 'string' can't be used to index type 'StatusColors'.
  No index signature with a parameter of type 'string' was found on type 'StatusColors'.
components/comercial/agendar-reuniao.tsx(139,27): error TS2345: Argument of type '{ oportunidade_id: string; titulo: string; data_inicio: string; data_fim: string; local: string; notas: string; status: string; participantes: { participante_id: string; tipo_participante: string; confirmado: boolean; }[]; sendEmail: boolean; }' is not assignable to parameter of type 'Partial<Reuniao>'.
  Types of property 'participantes' are incompatible.
    Type '{ participante_id: string; tipo_participante: string; confirmado: boolean; }[]' is not assignable to type 'string[]'.
      Type '{ participante_id: string; tipo_participante: string; confirmado: boolean; }' is not assignable to type 'string'.
components/comercial/agendar-reuniao.tsx(325,47): error TS2345: Argument of type '({ id: string; nome: string; email: string; } | undefined)[]' is not assignable to parameter of type 'SetStateAction<{ id: string; nome: string; email: string; }[]>'.
  Type '({ id: string; nome: string; email: string; } | undefined)[]' is not assignable to type '{ id: string; nome: string; email: string; }[]'.
    Type '{ id: string; nome: string; email: string; } | undefined' is not assignable to type '{ id: string; nome: string; email: string; }'.
      Type 'undefined' is not assignable to type '{ id: string; nome: string; email: string; }'.
components/comercial/comercial-kanban.tsx(3,67): error TS2307: Cannot find module 'react-beautiful-dnd' or its corresponding type declarations.
components/comercial/comercial-kanban.tsx(4,29): error TS2307: Cannot find module '@/components/status-badge' or its corresponding type declarations.
components/comercial/comercial-kanban.tsx(72,21): error TS7006: Parameter 'provided' implicitly has an 'any' type.
components/comercial/comercial-kanban.tsx(72,31): error TS7006: Parameter 'snapshot' implicitly has an 'any' type.
components/comercial/comercial-kanban.tsx(88,31): error TS7006: Parameter 'provided' implicitly has an 'any' type.
components/comercial/comercial-kanban.tsx(88,41): error TS7006: Parameter 'snapshot' implicitly has an 'any' type.
components/comercial/editar-cliente.tsx(27,10): error TS2305: Module '"@/types/comercial"' has no exported member 'ClienteTipo'.
components/comercial/form-responsavel-modal.tsx(43,5): error TS2353: Object literal may only specify known properties, and 'telefone' does not exist in type 'Partial<Responsavel> | (() => Partial<Responsavel>)'.
components/comercial/form-responsavel-modal.tsx(57,9): error TS2353: Object literal may only specify known properties, and 'telefone' does not exist in type 'SetStateAction<Partial<Responsavel>>'.
components/comercial/form-responsavel-modal.tsx(57,41): error TS2339: Property 'telefone' does not exist on type 'Responsavel'.
components/comercial/form-responsavel-modal.tsx(59,40): error TS2339: Property 'user_id' does not exist on type 'Responsavel'.
components/comercial/form-responsavel-modal.tsx(68,9): error TS2353: Object literal may only specify known properties, and 'telefone' does not exist in type 'SetStateAction<Partial<Responsavel>>'.
components/comercial/form-responsavel-modal.tsx(101,21): error TS2339: Property 'created_at' does not exist on type 'Partial<Responsavel>'.
components/comercial/form-responsavel-modal.tsx(101,33): error TS2339: Property 'updated_at' does not exist on type 'Partial<Responsavel>'.
components/comercial/form-responsavel-modal.tsx(147,68): error TS2339: Property 'telefone' does not exist on type 'Partial<Responsavel>'.
components/comercial/form-responsavel-modal.tsx(151,66): error TS2339: Property 'user_id' does not exist on type 'Partial<Responsavel>'.
components/comercial/lista-clientes.tsx(244,9): error TS2322: Type '{ open: boolean; onOpenChange: Dispatch<SetStateAction<boolean>>; onClienteAdded: (cliente: Partial<Cliente>) => Promise<void>; }' is not assignable to type 'IntrinsicAttributes & NovoClienteProps'.
  Property 'open' does not exist on type 'IntrinsicAttributes & NovoClienteProps'.
components/dashboard/stats-cards.tsx(23,30): error TS2802: Type 'Set<string>' can only be iterated through when using the '--downlevelIteration' flag or with a '--target' of 'es2015' or higher.
components/detalhes-cliente.tsx(71,116): error TS2353: Object literal may only specify known properties, and 'principal' does not exist in type 'Partial<Contato> | (() => Partial<Contato>)'.
components/detalhes-cliente.tsx(209,9): error TS2322: Type 'string | undefined' is not assignable to type 'string'.
  Type 'undefined' is not assignable to type 'string'.
components/detalhes-cliente.tsx(211,9): error TS2322: Type 'string | undefined' is not assignable to type 'string'.
  Type 'undefined' is not assignable to type 'string'.
components/detalhes-cliente.tsx(212,32): error TS2339: Property 'principal' does not exist on type 'Partial<Contato>'.
components/detalhes-cliente.tsx(215,70): error TS2353: Object literal may only specify known properties, and 'principal' does not exist in type 'SetStateAction<Partial<Contato>>'.
components/detalhes-cliente.tsx(258,39): error TS2339: Property 'principal' does not exist on type 'Partial<Contato>'.
components/detalhes-cliente.tsx(436,61): error TS2339: Property 'principal' does not exist on type 'Contato'.
components/detalhes-cliente.tsx(438,53): error TS2339: Property 'principal' does not exist on type 'Contato'.
components/detalhes-cliente.tsx(461,53): error TS2339: Property 'principal' does not exist on type 'Contato'.
components/detalhes-cliente.tsx(538,31): error TS2322: Type '"success"' is not assignable to type '"default" | "link" | "destructive" | "outline" | "secondary" | "ghost" | null | undefined'.
components/detalhes-cliente.tsx(668,48): error TS2339: Property 'principal' does not exist on type 'Partial<Contato>'.
components/detalhes-cliente.tsx(673,169): error TS2353: Object literal may only specify known properties, and 'principal' does not exist in type 'SetStateAction<Partial<Contato>>'.
components/detalhes-cliente.tsx(697,95): error TS2339: Property 'principal' does not exist on type 'Contato'.
components/detalhes-cliente.tsx(837,10): error TS2304: Cannot find name 'Dialog'.
components/detalhes-cliente.tsx(837,62): error TS7006: Parameter 'isOpen' implicitly has an 'any' type.
components/detalhes-cliente.tsx(843,12): error TS2304: Cannot find name 'DialogContent'.
components/detalhes-cliente.tsx(844,14): error TS2304: Cannot find name 'DialogHeader'.
components/detalhes-cliente.tsx(845,16): error TS2304: Cannot find name 'DialogTitle'.
components/detalhes-cliente.tsx(845,44): error TS2304: Cannot find name 'DialogTitle'.
components/detalhes-cliente.tsx(846,16): error TS2304: Cannot find name 'DialogDescription'.
components/detalhes-cliente.tsx(846,73): error TS2304: Cannot find name 'DialogDescription'.
components/detalhes-cliente.tsx(847,15): error TS2304: Cannot find name 'DialogHeader'.
components/detalhes-cliente.tsx(868,44): error TS2339: Property 'principal' does not exist on type 'Contato'.
components/detalhes-cliente.tsx(873,14): error TS2304: Cannot find name 'DialogFooter'.
components/detalhes-cliente.tsx(878,33): error TS2339: Property 'clienteId' does not exist on type 'Contato'.
components/detalhes-cliente.tsx(878,44): error TS2339: Property 'createdAt' does not exist on type 'Contato'.
components/detalhes-cliente.tsx(878,55): error TS2339: Property 'updatedAt' does not exist on type 'Contato'.
components/detalhes-cliente.tsx(887,15): error TS2304: Cannot find name 'DialogFooter'.
components/detalhes-cliente.tsx(888,13): error TS2304: Cannot find name 'DialogContent'.
components/detalhes-cliente.tsx(889,11): error TS2304: Cannot find name 'Dialog'.
components/detalhes-oportunidade.tsx(42,23): error TS2459: Module '"@/hooks/comercial/use-reunioes"' declares 'Reuniao' locally, but it is not exported.
components/detalhes-oportunidade.tsx(44,20): error TS2459: Module '"@/hooks/comercial/use-notas"' declares 'Nota' locally, but it is not exported.
components/detalhes-oportunidade.tsx(205,26): error TS2561: Object literal may only specify known properties, but 'oportunidade_id' does not exist in type '{ oportunidadeId: string; autor: string; autorId?: string | undefined; texto: string; }'. Did you mean to write 'oportunidadeId'?
components/detalhes-oportunidade.tsx(518,286): error TS2559: Type 'string' has no properties in common with type '{ oportunidadeId?: string | undefined; data?: string | undefined; concluida?: boolean | undefined; }'.
components/documentos/novo-documento.tsx(110,86): error TS2339: Property 'numero' does not exist on type 'Licitacao'.
components/documentos/novo-documento.tsx(179,49): error TS2339: Property 'numero' does not exist on type 'Licitacao'.
components/licitacoes/detalhes-licitacao.tsx(249,5): error TS2304: Cannot find name 'setUploadando'.
components/licitacoes/detalhes-licitacao.tsx(255,7): error TS2304: Cannot find name 'setUploadando'.
components/licitacoes/detalhes-licitacao.tsx(263,18): error TS2339: Property 'nome' does not exist on type 'Partial<Licitacao>'.
components/licitacoes/detalhes-licitacao.tsx(263,60): error TS2339: Property 'nome' does not exist on type 'Partial<Licitacao>'.
components/licitacoes/detalhes-licitacao.tsx(278,34): error TS2353: Object literal may only specify known properties, and 'nome' does not exist in type 'SetStateAction<Partial<Licitacao>>'.
components/licitacoes/detalhes-licitacao.tsx(279,7): error TS2304: Cannot find name 'setDialogAberto'.
components/licitacoes/detalhes-licitacao.tsx(291,5): error TS2304: Cannot find name 'setUploadando'.
components/licitacoes/detalhes-licitacao.tsx(509,55): error TS2322: Type '"xs"' is not assignable to type '"default" | "sm" | "lg" | "icon" | null | undefined'.
components/licitacoes/detalhes-licitacao.tsx(510,59): error TS2322: Type '"xs"' is not assignable to type '"default" | "sm" | "lg" | "icon" | null | undefined'.
components/licitacoes/detalhes-licitacao.tsx(594,15): error TS2339: Property 'valorHomologado' does not exist on type 'Partial<Licitacao>'.
components/licitacoes/detalhes-licitacao.tsx(600,27): error TS2339: Property 'valorHomologado' does not exist on type 'Partial<Licitacao>'.
components/licitacoes/detalhes-licitacao.tsx(601,44): error TS2345: Argument of type '"valorHomologado"' is not assignable to parameter of type 'keyof Licitacao'.
components/licitacoes/detalhes-orgao.tsx(291,65): error TS2322: Type '"success"' is not assignable to type '"default" | "destructive" | null | undefined'.
components/licitacoes/detalhes-orgao.tsx(294,65): error TS2322: Type '"success"' is not assignable to type '"default" | "destructive" | null | undefined'.
components/licitacoes/detalhes-orgao.tsx(316,61): error TS2322: Type '"success"' is not assignable to type '"default" | "destructive" | null | undefined'.
components/licitacoes/documentos-repositorio-selector.tsx(37,55): error TS2353: Object literal may only specify known properties, and 'categoria' does not exist in type 'DocumentFilter'.
components/licitacoes/documentos-repositorio-selector.tsx(161,32): error TS2339: Property 'categorias' does not exist on type 'DocumentType'.
components/licitacoes/documentos-repositorio-selector.tsx(161,50): error TS2339: Property 'categorias' does not exist on type 'DocumentType'.
components/licitacoes/documentos-repositorio-selector.tsx(165,38): error TS2339: Property 'categorias' does not exist on type 'DocumentType'.
components/licitacoes/documentos-repositorio-selector.tsx(165,54): error TS7006: Parameter 'cat' implicitly has an 'any' type.
components/licitacoes/documentos-repositorio-selector.tsx(165,59): error TS7006: Parameter 'i' implicitly has an 'any' type.
components/licitacoes/filtro-licitacoes-otimizado.tsx(87,25): error TS2345: Argument of type 'unknown[]' is not assignable to parameter of type 'SetStateAction<string[]>'.
  Type 'unknown[]' is not assignable to type 'string[]'.
    Type 'unknown' is not assignable to type 'string'.
components/licitacoes/filtro-licitacoes-otimizado.tsx(92,31): error TS2345: Argument of type 'unknown[]' is not assignable to parameter of type 'SetStateAction<string[]>'.
  Type 'unknown[]' is not assignable to type 'string[]'.
    Type 'unknown' is not assignable to type 'string'.
components/licitacoes/filtro-licitacoes-otimizado.tsx(97,30): error TS2345: Argument of type 'unknown[]' is not assignable to parameter of type 'SetStateAction<string[]>'.
  Type 'unknown[]' is not assignable to type 'string[]'.
    Type 'unknown' is not assignable to type 'string'.
components/licitacoes/formulario-simplificado-licitacao.tsx(61,56): error TS7006: Parameter 'doc' implicitly has an 'any' type.
components/licitacoes/formulario-simplificado-licitacao.tsx(69,63): error TS7006: Parameter 'c' implicitly has an 'any' type.
components/licitacoes/licitacao-kanban-board.tsx(3,10): error TS2305: Module '"./detalhes-licitacao"' has no exported member 'Licitacao'.
components/licitacoes/nova-licitacao.tsx(142,73): error TS7006: Parameter 'r' implicitly has an 'any' type.
components/licitacoes/nova-licitacao.tsx(152,71): error TS7006: Parameter 'r' implicitly has an 'any' type.
components/licitacoes/nova-licitacao.tsx(404,9): error TS2304: Cannot find name 'toast'.
components/licitacoes/nova-licitacao.tsx(414,9): error TS2304: Cannot find name 'toast'.
components/licitacoes/nova-licitacao.tsx(434,7): error TS2304: Cannot find name 'toast'.
components/licitacoes/seletor-documentos-licitacao.tsx(151,28): error TS2339: Property 'categorias' does not exist on type 'DocumentType'.
components/licitacoes/seletor-documentos-licitacao.tsx(151,46): error TS2339: Property 'categorias' does not exist on type 'DocumentType'.
components/licitacoes/seletor-documentos-licitacao.tsx(153,32): error TS2339: Property 'categorias' does not exist on type 'DocumentType'.
components/licitacoes/seletor-documentos.tsx(36,55): error TS2353: Object literal may only specify known properties, and 'categoria' does not exist in type 'DocumentFilter'.
components/licitacoes/seletor-documentos.tsx(148,28): error TS2339: Property 'categorias' does not exist on type 'DocumentType'.
components/licitacoes/seletor-documentos.tsx(148,46): error TS2339: Property 'categorias' does not exist on type 'DocumentType'.
components/licitacoes/seletor-documentos.tsx(152,34): error TS2339: Property 'categorias' does not exist on type 'DocumentType'.
components/licitacoes/seletor-documentos.tsx(152,50): error TS7006: Parameter 'cat' implicitly has an 'any' type.
components/licitacoes/seletor-documentos.tsx(152,55): error TS7006: Parameter 'i' implicitly has an 'any' type.
components/licitacoes/seletor-repositorio-simplificado.tsx(37,56): error TS7006: Parameter 'doc' implicitly has an 'any' type.
components/licitacoes/seletor-repositorio-simplificado.tsx(45,63): error TS7006: Parameter 'c' implicitly has an 'any' type.
components/licitacoes/servicos-licitacao.tsx(92,74): error TS18047: 'servicoFormData.valor' is possibly 'null'.
components/licitacoes/servicos-licitacao.tsx(92,150): error TS18047: 'servicoFormData.quantidade' is possibly 'null'.
components/ui/chart.tsx(119,7): error TS2339: Property 'payload' does not exist on type 'Omit<Omit<Props<ValueType, NameType>, PropertiesReadFromContext> & { active?: boolean | undefined; includeHidden?: boolean | undefined; ... 17 more ...; axisId?: AxisId | undefined; } & ClassAttributes<...> & HTMLAttributes<...> & { ...; }, "ref">'.
components/ui/chart.tsx(124,7): error TS2339: Property 'label' does not exist on type 'Omit<Omit<Props<ValueType, NameType>, PropertiesReadFromContext> & { active?: boolean | undefined; includeHidden?: boolean | undefined; ... 17 more ...; axisId?: AxisId | undefined; } & ClassAttributes<...> & HTMLAttributes<...> & { ...; }, "ref">'.
components/ui/chart.tsx(188,25): error TS7006: Parameter 'item' implicitly has an 'any' type.
components/ui/chart.tsx(188,31): error TS7006: Parameter 'index' implicitly has an 'any' type.
components/ui/chart.tsx(264,41): error TS2344: Type '"payload" | "verticalAlign"' does not satisfy the constraint '"string" | "role" | "y" | "d" | "min" | "filter" | "fill" | "values" | "children" | "name" | "path" | "result" | "id" | "local" | "to" | "from" | "content" | "className" | "color" | ... 424 more ... | "onBBoxUpdate"'.
  Type '"payload"' is not assignable to type '"string" | "role" | "y" | "d" | "min" | "filter" | "fill" | "values" | "children" | "name" | "path" | "result" | "id" | "local" | "to" | "from" | "content" | "className" | "color" | ... 424 more ... | "onBBoxUpdate"'.
components/ui/chart.tsx(275,19): error TS2339: Property 'length' does not exist on type '{}'.
components/ui/chart.tsx(288,18): error TS2339: Property 'map' does not exist on type '{}'.
components/ui/chart.tsx(288,23): error TS7006: Parameter 'item' implicitly has an 'any' type.
components/ui/sidebar.tsx(8,18): error TS2307: Cannot find module '@/components/logo' or its corresponding type declarations.
hooks/useDocuments.ts(422,29): error TS2339: Property 'arquivo' does not exist on type 'Partial<DocumentType>'.
lib/auth/jwt.ts(55,12): error TS2352: Conversion of type 'JWTPayload' to type 'JwtPayload' may be a mistake because neither type sufficiently overlaps with the other. If this was intentional, convert the expression to 'unknown' first.
  Type 'JWTPayload' is missing the following properties from type 'JwtPayload': userId, email, role
middleware.ts(47,56): error TS18046: 'error' is of type 'unknown'.
